1. Testing Register...
node : Γ¥î 
Error Details: 
{
At line:1 
char:1
+ node 
test-auth.js > 
test-output.txt
 2>&1
+ ~~~~~~~~~~~~~
~~~~~~~~~~~~~~~
~~~~~~~~~~~~
    + Category 
   Info        
      : NotS   
 pecified:     
(Γ¥î Error     
Details:     
{:String)     
[], Remote    
Exception
    + FullyQua 
   lifiedErro  
  rId : Nati   
 veCommandE    
rror
 
  status: 400,
  data: { 
message: 'secre
tOrPrivateKey 
must have a 
value' }
}
